date-af-ZA.js
date-ar-AE.js
date-ar-BH.js
date-ar-DZ.js
date-ar-EG.js
date-ar-IQ.js
date-ar-JO.js
date-ar-KW.js
date-ar-LB.js
date-ar-LY.js
date-ar-MA.js
date-ar-OM.js
date-ar-QA.js
date-ar-SA.js
date-ar-SY.js
date-ar-TN.js
date-ar-YE.js
date-az-Cyrl-AZ.js
date-az-Latn-AZ.js
date-be-BY.js
date-bg-BG.js
date-bs-Latn-BA.js
date-ca-ES.js
date-cs-CZ.js
date-cy-GB.js
date-da-DK.js
date-de-AT.js
date-de-CH.js
date-de-DE.js
date-de-LI.js
date-de-LU.js
date-dv-MV.js
date-el-GR.js
date-en-029.js
date-en-AU.js
date-en-BZ.js
date-en-CA.js
date-en-GB.js
date-en-IE.js
date-en-JM.js
date-en-NZ.js
date-en-PH.js
date-en-TT.js
date-en-US.js
date-en-ZA.js
date-en-ZW.js
date-es-AR.js
date-es-BO.js
date-es-CL.js
date-es-CO.js
date-es-CR.js
date-es-DO.js
date-es-EC.js
date-es-ES.js
date-es-GT.js
date-es-HN.js
date-es-MX.js
date-es-NI.js
date-es-PA.js
date-es-PE.js
date-es-PR.js
date-es-PY.js
date-es-SV.js
date-es-UY.js
date-es-VE.js
date-et-EE.js
date-eu-ES.js
date-fa-IR.js
date-fi-FI.js
date-fo-FO.js
date-fr-BE.js
date-fr-CA.js
date-fr-CH.js
date-fr-FR.js
date-fr-LU.js
date-fr-MC.js
date-gl-ES.js
date-gu-IN.js
date-he-IL.js
date-hi-IN.js
date-hr-BA.js
date-hr-HR.js
date-hu-HU.js
date-hy-AM.js
date-id-ID.js
date-is-IS.js
date-it-CH.js
date-it-IT.js
date-ja-JP.js
date-ka-GE.js
date-kk-KZ.js
date-kn-IN.js
date-ko-KR.js
date-kok-IN.js
date-ky-KG.js
date-lt-LT.js
date-lv-LV.js
date-mi-NZ.js
date-mk-MK.js
date-mn-MN.js
date-mr-IN.js
date-ms-BN.js
date-ms-MY.js
date-mt-MT.js
date-nb-NO.js
date-nl-BE.js
date-nl-NL.js
date-nn-NO.js
date-ns-ZA.js
date-pa-IN.js
date-pl-PL.js
date-pt-BR.js
date-pt-PT.js
date-quz-BO.js
date-quz-EC.js
date-quz-PE.js
date-ro-RO.js
date-ru-RU.js
date-sa-IN.js
date-se-FI.js
date-se-NO.js
date-se-SE.js
date-sk-SK.js
date-sl-SI.js
date-sma-NO.js
date-sma-SE.js
date-smj-NO.js
date-smj-SE.js
date-smn-FI.js
date-sms-FI.js
date-sq-AL.js
date-sr-Cyrl-BA.js
date-sr-Cyrl-CS.js
date-sr-Latn-BA.js
date-sr-Latn-CS.js
date-sv-FI.js
date-sv-SE.js
date-sw-KE.js
date-syr-SY.js
date-ta-IN.js
date-te-IN.js
date-th-TH.js
date-tn-ZA.js
date-tr-TR.js
date-tt-RU.js
date-uk-UA.js
date-ur-PK.js
date-uz-Cyrl-UZ.js
date-uz-Latn-UZ.js
date-vi-VN.js
date-xh-ZA.js
date-zh-CN.js
date-zh-HK.js
date-zh-MO.js
date-zh-SG.js
date-zh-TW.js
date-zu-ZA.js
date.js
